
  .   ____          _            __ _ _
 /\\ / ___'_ __ _ _(_)_ __  __ _ \ \ \ \
( ( )\___ | '_ | '_| | '_ \/ _` | \ \ \ \
 \\/  ___)| |_)| | | | | || (_| |  ) ) ) )
  '  |____| .__|_| |_|_| |_\__, | / / / /
 =========|_|==============|___/=/_/_/_/

 :: Spring Boot ::                (v3.5.7)

2025-11-23T17:25:15.348-06:00  INFO 26488 --- [ecommerce] [           main] c.s.ecommerce.EcommerceApplication       : Starting EcommerceApplication v0.0.1-SNAPSHOT using Java 21.0.5 with PID 26488 (C:\proyectos\saul\sagafitmi\target\ecommerce-0.0.1-SNAPSHOT.jar started by INETUM in C:\proyectos\saul\sagafitmi)
2025-11-23T17:25:15.353-06:00  INFO 26488 --- [ecommerce] [           main] c.s.ecommerce.EcommerceApplication       : No active profile set, falling back to 1 default profile: "default"
2025-11-23T17:25:17.522-06:00  INFO 26488 --- [ecommerce] [           main] .s.d.r.c.RepositoryConfigurationDelegate : Bootstrapping Spring Data JPA repositories in DEFAULT mode.
2025-11-23T17:25:17.643-06:00  INFO 26488 --- [ecommerce] [           main] .s.d.r.c.RepositoryConfigurationDelegate : Finished Spring Data repository scanning in 99 ms. Found 8 JPA repository interfaces.
2025-11-23T17:25:20.214-06:00  INFO 26488 --- [ecommerce] [           main] o.s.b.w.embedded.tomcat.TomcatWebServer  : Tomcat initialized with port 8080 (http)
2025-11-23T17:25:20.301-06:00  INFO 26488 --- [ecommerce] [           main] o.apache.catalina.core.StandardService   : Starting service [Tomcat]
2025-11-23T17:25:20.304-06:00  INFO 26488 --- [ecommerce] [           main] o.apache.catalina.core.StandardEngine    : Starting Servlet engine: [Apache Tomcat/10.1.48]
2025-11-23T17:25:20.498-06:00  INFO 26488 --- [ecommerce] [           main] o.a.c.c.C.[Tomcat].[localhost].[/]       : Initializing Spring embedded WebApplicationContext
2025-11-23T17:25:20.502-06:00  INFO 26488 --- [ecommerce] [           main] w.s.c.ServletWebServerApplicationContext : Root WebApplicationContext: initialization completed in 5038 ms
2025-11-23T17:25:21.648-06:00  INFO 26488 --- [ecommerce] [           main] o.hibernate.jpa.internal.util.LogHelper  : HHH000204: Processing PersistenceUnitInfo [name: default]
2025-11-23T17:25:22.040-06:00  INFO 26488 --- [ecommerce] [           main] org.hibernate.Version                    : HHH000412: Hibernate ORM core version 6.6.33.Final
2025-11-23T17:25:22.236-06:00  INFO 26488 --- [ecommerce] [           main] o.h.c.internal.RegionFactoryInitiator    : HHH000026: Second-level cache disabled
2025-11-23T17:25:24.374-06:00  INFO 26488 --- [ecommerce] [           main] o.s.o.j.p.SpringPersistenceUnitInfo      : No LoadTimeWeaver setup: ignoring JPA class transformer
2025-11-23T17:25:24.711-06:00  INFO 26488 --- [ecommerce] [           main] com.zaxxer.hikari.HikariDataSource       : HikariPool-1 - Starting...
2025-11-23T17:25:27.594-06:00  INFO 26488 --- [ecommerce] [           main] com.zaxxer.hikari.pool.HikariPool        : HikariPool-1 - Added connection org.postgresql.jdbc.PgConnection@3ea84e01
2025-11-23T17:25:27.608-06:00  INFO 26488 --- [ecommerce] [           main] com.zaxxer.hikari.HikariDataSource       : HikariPool-1 - Start completed.
2025-11-23T17:25:27.929-06:00  WARN 26488 --- [ecommerce] [           main] org.hibernate.orm.deprecation            : HHH90000025: PostgreSQLDialect does not need to be specified explicitly using 'hibernate.dialect' (remove the property setting and it will be selected by default)
2025-11-23T17:25:28.347-06:00  INFO 26488 --- [ecommerce] [           main] org.hibernate.orm.connections.pooling    : HHH10001005: Database info:
	Database JDBC URL [Connecting through datasource 'HikariDataSource (HikariPool-1)']
	Database driver: undefined/unknown
	Database version: 14.20
	Autocommit mode: undefined/unknown
	Isolation level: undefined/unknown
	Minimum pool size: undefined/unknown
	Maximum pool size: undefined/unknown
2025-11-23T17:25:34.302-06:00  INFO 26488 --- [ecommerce] [           main] o.h.e.t.j.p.i.JtaPlatformInitiator       : HHH000489: No JTA platform available (set 'hibernate.transaction.jta.platform' to enable JTA platform integration)
2025-11-23T17:25:37.463-06:00  INFO 26488 --- [ecommerce] [           main] j.LocalContainerEntityManagerFactoryBean : Initialized JPA EntityManagerFactory for persistence unit 'default'
2025-11-23T17:25:39.532-06:00  INFO 26488 --- [ecommerce] [           main] eAuthenticationProviderManagerConfigurer : Global AuthenticationManager configured with AuthenticationProvider bean with name pepperAuthenticationProvider
2025-11-23T17:25:39.537-06:00  WARN 26488 --- [ecommerce] [           main] r$InitializeUserDetailsManagerConfigurer : Global AuthenticationManager configured with an AuthenticationProvider bean. UserDetailsService beans will not be used by Spring Security for automatically configuring username/password login. Consider removing the AuthenticationProvider bean. Alternatively, consider using the UserDetailsService in a manually instantiated DaoAuthenticationProvider. If the current configuration is intentional, to turn off this warning, increase the logging level of 'org.springframework.security.config.annotation.authentication.configuration.InitializeUserDetailsBeanManagerConfigurer' to ERROR
2025-11-23T17:25:40.500-06:00  INFO 26488 --- [ecommerce] [           main] o.s.d.j.r.query.QueryEnhancerFactory     : Hibernate is in classpath; If applicable, HQL parser will be used.
2025-11-23T17:25:54.965-06:00  WARN 26488 --- [ecommerce] [           main] JpaBaseConfiguration$JpaWebConfiguration : spring.jpa.open-in-view is enabled by default. Therefore, database queries may be performed during view rendering. Explicitly configure spring.jpa.open-in-view to disable this warning
Hibernate: 
    select
        ao1_0.id,
        ao1_0.enabled,
        ao1_0.origin 
    from
        cors_allowed_origins ao1_0 
    where
        ao1_0.enabled
2025-11-23T17:25:59.833-06:00  INFO 26488 --- [ecommerce] [           main] o.s.b.w.embedded.tomcat.TomcatWebServer  : Tomcat started on port 8080 (http) with context path '/'
2025-11-23T17:25:59.893-06:00  INFO 26488 --- [ecommerce] [           main] c.s.ecommerce.EcommerceApplication       : Started EcommerceApplication in 45.737 seconds (process running for 47.512)
2025-11-23T17:26:03.632-06:00  INFO 26488 --- [ecommerce] [nio-8080-exec-1] o.a.c.c.C.[Tomcat].[localhost].[/]       : Initializing Spring DispatcherServlet 'dispatcherServlet'
2025-11-23T17:26:03.634-06:00  INFO 26488 --- [ecommerce] [nio-8080-exec-1] o.s.web.servlet.DispatcherServlet        : Initializing Servlet 'dispatcherServlet'
2025-11-23T17:26:03.640-06:00  INFO 26488 --- [ecommerce] [nio-8080-exec-1] o.s.web.servlet.DispatcherServlet        : Completed initialization in 3 ms
Hibernate: 
    select
        p1_0.id,
        p1_0.description,
        p1_0.name 
    from
        products p1_0 
    where
        p1_0.id=?
Hibernate: 
    select
        p1_0.id,
        p1_0.description,
        p1_0.name 
    from
        products p1_0
Hibernate: 
    SELECT
        product_id,
        price 
    FROM
        ( SELECT
            product_id,
            price,
            ROW_NUMBER() OVER (PARTITION 
        BY
            product_id 
        ORDER BY
            created_at DESC) rn 
        FROM
            prices 
        WHERE
            product_id IN (?, ?, ?, ?, ?, ?, ?, ?, ?, ?, ?, ?)) t 
    WHERE
        t.rn = 1
Hibernate: 
    select
        pi1_0.product_id,
        pi1_0.url 
    from
        product_images pi1_0 
    where
        pi1_0.product_id in (?, ?, ?, ?, ?, ?, ?, ?, ?, ?, ?, ?) 
        and pi1_0.is_main=true
2025-11-23T17:26:44.306-06:00  WARN 26488 --- [ecommerce] [nio-8080-exec-4] .w.s.m.s.DefaultHandlerExceptionResolver : Resolved [org.springframework.web.HttpMediaTypeNotSupportedException: Content-Type is not supported]
Hibernate: 
    select
        u1_0.id,
        u1_0.email,
        u1_0.name,
        u1_0.password,
        u1_0.role 
    from
        users u1_0
Hibernate: 
    select
        p1_0.id,
        p1_0.description,
        p1_0.name 
    from
        products p1_0 
    where
        p1_0.id=?
Hibernate: 
    insert 
    into
        product_images
        (is_main, product_id, url) 
    values
        (?, ?, ?)
